系统时间:2026-10-03 12:20:52|Failed to push CSV file: 026559, HTTP status: 404, body: {"detail":"未找到基金代码 [026559] 对应的 CSV 文件"}
系统时间:2026-10-03 12:21:05|Failed to push CSV file: 026559, HTTP status: 404, body: {"detail":"未找到基金代码 [026559] 对应的 CSV 文件"}
系统时间:2026-10-03 12:21:13|Failed to push CSV file: 026559, HTTP status: 404, body: {"detail":"未找到基金代码 [026559] 对应的 CSV 文件"}
系统时间:2026-10-03 12:28:57|Failed to push CSV file: 026559, HTTP status: 422, body: {"detail":[{"type":"missing","loc":["body","csv_name"],"msg":"Field required","input":{"csv_data":"﻿净值日期,累计净值,daily_return\r\n2026-03-13,1.0,\r\n2026-03-20,0.99,-0.01\r\n2026-03-27,0.9856,-0.004444\r\n2026-04-03,0.9802,-0.005479\r\n2026-04-10,0.994,0.014079\r\n2026-04-17,1.0054,0.011469\r\n2026-04-24,0.9983,-0.007062\r\n2026-04-30,0.9973,-0.001002\r\n2026-05-08,1.0064,0.009125\r\n2026-05-12,1.0044,-0.001987\r\n2026-05-13,1.0063,0.001892\r\n2026-05-14,0.9906,-0.015602\r\n2026-05-15,0.9713,-0.019483\r\n2026-05-18,0.9646,-0.006898\r\n2026-05-19,0.9561,-0.008812\r\n2026-05-20,0.9653,0.009622\r\n2026-05-21,0.9576,-0.007977\r\n2026-05-22,0.9686,0.011487\r\n2026-05-25,0.9676,-0.001032\r\n2026-05-26,0.974,0.006614\r\n2026-05-27,0.9738,-0.000205\r\n2026-05-28,0.9715,-0.002362\r\n2026-05-29,0.9674,-0.00422\r\n2026-06-01,0.9574,-0.010337\r\n2026-06-02,0.9642,0.007103\r\n2026-06-03,0.9671,0.003008\r\n2026-06-04,0.9565,-0.010961\r\n2026-06-05,0.9323,-0.025301\r\n2026-06-08,0.9149,-0.018664\r\n2026-06-09,0.9371,0.024265\r\n2026-06-10,0.9159,-0.022623\r\n2026-06-11,0.9255,0.010481\r\n2026-06-12,0.9371,0.012534\r\n2026-06-15,0.9729,0.038203\r\n2026-06-16,0.9623,-0.010895\r\n2026-06-17,0.9739,0.012054\r\n2026-06-18,0.9758,0.001951\r\n2026-06-22,0.9971,0.021828\r\n2026-06-23,0.9587,-0.038512\r\n2026-06-24,0.9792,0.021383\r\n2026-06-25,0.9894,0.010417\r\n2026-06-26,0.9466,-0.043259\r\n2026-06-29,0.9558,0.009719\r\n2026-06-30,0.975,0.020088\r\n2026-07-01,0.9729,-0.002154\r\n2026-07-02,0.9125,-0.062082\r\n2026-07-03,0.9146,0.002301\r\n2026-07-06,0.8929,-0.023726\r\n2026-07-07,0.8779,-0.016799\r\n2026-07-08,0.8696,-0.009454\r\n2026-07-09,0.8736,0.0046\r\n2026-07-10,0.8603,-0.015224\r\n2026-07-13,0.843,-0.020109\r\n2026-07-14,0.8458,0.003321\r\n2026-07-15,0.8493,0.004138\r\n2026-07-16,0.8435,-0.006829\r\n2026-07-17,0.8187,-0.029401\r\n2026-07-20,0.8282,0.011604\r\n2026-07-21,0.8412,0.015697\r\n2026-07-22,0.8372,-0.004755\r\n2026-07-23,0.8416,0.005256\r\n2026-07-24,0.8342,-0.008793\r\n2026-07-27,0.8378,0.004316\r\n2026-07-28,0.827,-0.012891\r\n2026-07-29,0.8347,0.009311\r\n2026-07-30,0.8272,-0.008985\r\n2026-07-31,0.8303,0.003748\r\n2026-08-03,0.8332,0.003493\r\n2026-08-04,0.8399,0.008041\r\n2026-08-05,0.8502,0.012263\r\n2026-08-06,0.842,-0.009645\r\n2026-08-07,0.8539,0.014133\r\n2026-08-10,0.8565,0.003045\r\n2026-08-11,0.8469,-0.011208\r\n2026-08-12,0.8536,0.007911\r\n2026-08-13,0.8456,-0.009372\r\n2026-08-14,0.8441,-0.001774\r\n2026-08-17,0.8631,0.022509\r\n2026-08-18,0.8579,-0.006025\r\n2026-08-19,0.8445,-0.01562\r\n2026-08-20,0.851,0.007697\r\n2026-08-21,0.8692,0.021387\r\n2026-08-24,0.8565,-0.014611\r\n2026-08-25,0.8499,-0.007706\r\n2026-08-26,0.8629,0.015296\r\n2026-08-27,0.8641,0.001391\r\n2026-08-28,0.866,0.002199\r\n2026-08-31,0.8555,-0.012125\r\n2026-09-01,0.8485,-0.008182\r\n2026-09-02,0.8387,-0.01155\r\n2026-09-03,0.8418,0.003696\r\n2026-09-04,0.8416,-0.000238\r\n2026-09-07,0.8398,-0.002139\r\n2026-09-08,0.8398,0.0\r\n2026-09-09,0.8417,0.002262\r\n2026-09-10,0.8333,-0.00998\r\n2026-09-11,0.8235,-0.01176\r\n2026-09-14,0.8228,-0.00085\r\n2026-09-15,0.8092,-0.016529\r\n2026-09-16,0.8157,0.008033\r\n2026-09-17,0.8136,-0.002574\r\n2026-09-18,0.8199,0.007743\r\n2026-09-21,0.825,0.00622\r\n2026-09-22,0.8232,-0.002182\r\n2026-09-23,0.8195,-0.004495\r\n2026-09-24,0.8093,-0.012447\r\n2026-09-28,0.7936,-0.019399\r\n2026-09-29,0.7973,0.004662\r\n2026-09-30,0.8021,0.00602\r\n","fund_code":"026559","password":"123456","username":"zyh"}}]}
系统时间:2026-10-03 12:53:23|Failed to push CSV file: 026559, Connection failed (res is nullptr).
系统时间:2026-10-03 12:54:09|Failed to push CSV file: 026559, HTTP status: 422, body: {"detail":[{"type":"missing","loc":["body","csv_name"],"msg":"Field required","input":{"csv_data":"﻿净值日期,累计净值,daily_return\r\n2026-03-13,1.0,\r\n2026-03-20,0.99,-0.01\r\n2026-03-27,0.9856,-0.004444\r\n2026-04-03,0.9802,-0.005479\r\n2026-04-10,0.994,0.014079\r\n2026-04-17,1.0054,0.011469\r\n2026-04-24,0.9983,-0.007062\r\n2026-04-30,0.9973,-0.001002\r\n2026-05-08,1.0064,0.009125\r\n2026-05-12,1.0044,-0.001987\r\n2026-05-13,1.0063,0.001892\r\n2026-05-14,0.9906,-0.015602\r\n2026-05-15,0.9713,-0.019483\r\n2026-05-18,0.9646,-0.006898\r\n2026-05-19,0.9561,-0.008812\r\n2026-05-20,0.9653,0.009622\r\n2026-05-21,0.9576,-0.007977\r\n2026-05-22,0.9686,0.011487\r\n2026-05-25,0.9676,-0.001032\r\n2026-05-26,0.974,0.006614\r\n2026-05-27,0.9738,-0.000205\r\n2026-05-28,0.9715,-0.002362\r\n2026-05-29,0.9674,-0.00422\r\n2026-06-01,0.9574,-0.010337\r\n2026-06-02,0.9642,0.007103\r\n2026-06-03,0.9671,0.003008\r\n2026-06-04,0.9565,-0.010961\r\n2026-06-05,0.9323,-0.025301\r\n2026-06-08,0.9149,-0.018664\r\n2026-06-09,0.9371,0.024265\r\n2026-06-10,0.9159,-0.022623\r\n2026-06-11,0.9255,0.010481\r\n2026-06-12,0.9371,0.012534\r\n2026-06-15,0.9729,0.038203\r\n2026-06-16,0.9623,-0.010895\r\n2026-06-17,0.9739,0.012054\r\n2026-06-18,0.9758,0.001951\r\n2026-06-22,0.9971,0.021828\r\n2026-06-23,0.9587,-0.038512\r\n2026-06-24,0.9792,0.021383\r\n2026-06-25,0.9894,0.010417\r\n2026-06-26,0.9466,-0.043259\r\n2026-06-29,0.9558,0.009719\r\n2026-06-30,0.975,0.020088\r\n2026-07-01,0.9729,-0.002154\r\n2026-07-02,0.9125,-0.062082\r\n2026-07-03,0.9146,0.002301\r\n2026-07-06,0.8929,-0.023726\r\n2026-07-07,0.8779,-0.016799\r\n2026-07-08,0.8696,-0.009454\r\n2026-07-09,0.8736,0.0046\r\n2026-07-10,0.8603,-0.015224\r\n2026-07-13,0.843,-0.020109\r\n2026-07-14,0.8458,0.003321\r\n2026-07-15,0.8493,0.004138\r\n2026-07-16,0.8435,-0.006829\r\n2026-07-17,0.8187,-0.029401\r\n2026-07-20,0.8282,0.011604\r\n2026-07-21,0.8412,0.015697\r\n2026-07-22,0.8372,-0.004755\r\n2026-07-23,0.8416,0.005256\r\n2026-07-24,0.8342,-0.008793\r\n2026-07-27,0.8378,0.004316\r\n2026-07-28,0.827,-0.012891\r\n2026-07-29,0.8347,0.009311\r\n2026-07-30,0.8272,-0.008985\r\n2026-07-31,0.8303,0.003748\r\n2026-08-03,0.8332,0.003493\r\n2026-08-04,0.8399,0.008041\r\n2026-08-05,0.8502,0.012263\r\n2026-08-06,0.842,-0.009645\r\n2026-08-07,0.8539,0.014133\r\n2026-08-10,0.8565,0.003045\r\n2026-08-11,0.8469,-0.011208\r\n2026-08-12,0.8536,0.007911\r\n2026-08-13,0.8456,-0.009372\r\n2026-08-14,0.8441,-0.001774\r\n2026-08-17,0.8631,0.022509\r\n2026-08-18,0.8579,-0.006025\r\n2026-08-19,0.8445,-0.01562\r\n2026-08-20,0.851,0.007697\r\n2026-08-21,0.8692,0.021387\r\n2026-08-24,0.8565,-0.014611\r\n2026-08-25,0.8499,-0.007706\r\n2026-08-26,0.8629,0.015296\r\n2026-08-27,0.8641,0.001391\r\n2026-08-28,0.866,0.002199\r\n2026-08-31,0.8555,-0.012125\r\n2026-09-01,0.8485,-0.008182\r\n2026-09-02,0.8387,-0.01155\r\n2026-09-03,0.8418,0.003696\r\n2026-09-04,0.8416,-0.000238\r\n2026-09-07,0.8398,-0.002139\r\n2026-09-08,0.8398,0.0\r\n2026-09-09,0.8417,0.002262\r\n2026-09-10,0.8333,-0.00998\r\n2026-09-11,0.8235,-0.01176\r\n2026-09-14,0.8228,-0.00085\r\n2026-09-15,0.8092,-0.016529\r\n2026-09-16,0.8157,0.008033\r\n2026-09-17,0.8136,-0.002574\r\n2026-09-18,0.8199,0.007743\r\n2026-09-21,0.825,0.00622\r\n2026-09-22,0.8232,-0.002182\r\n2026-09-23,0.8195,-0.004495\r\n2026-09-24,0.8093,-0.012447\r\n2026-09-28,0.7936,-0.019399\r\n2026-09-29,0.7973,0.004662\r\n2026-09-30,0.8021,0.00602\r\n","fund_code":"026559","password":"123456","username":"zyh"}}]}
系统时间:2026-10-03 12:57:55|Failed to push CSV file: 026559, HTTP status: 422, body: {"detail":[{"type":"missing","loc":["body","csv_name"],"msg":"Field required","input":{"csv_data":"﻿净值日期,累计净值,daily_return\r\n2026-03-13,1.0,\r\n2026-03-20,0.99,-0.01\r\n2026-03-27,0.9856,-0.004444\r\n2026-04-03,0.9802,-0.005479\r\n2026-04-10,0.994,0.014079\r\n2026-04-17,1.0054,0.011469\r\n2026-04-24,0.9983,-0.007062\r\n2026-04-30,0.9973,-0.001002\r\n2026-05-08,1.0064,0.009125\r\n2026-05-12,1.0044,-0.001987\r\n2026-05-13,1.0063,0.001892\r\n2026-05-14,0.9906,-0.015602\r\n2026-05-15,0.9713,-0.019483\r\n2026-05-18,0.9646,-0.006898\r\n2026-05-19,0.9561,-0.008812\r\n2026-05-20,0.9653,0.009622\r\n2026-05-21,0.9576,-0.007977\r\n2026-05-22,0.9686,0.011487\r\n2026-05-25,0.9676,-0.001032\r\n2026-05-26,0.974,0.006614\r\n2026-05-27,0.9738,-0.000205\r\n2026-05-28,0.9715,-0.002362\r\n2026-05-29,0.9674,-0.00422\r\n2026-06-01,0.9574,-0.010337\r\n2026-06-02,0.9642,0.007103\r\n2026-06-03,0.9671,0.003008\r\n2026-06-04,0.9565,-0.010961\r\n2026-06-05,0.9323,-0.025301\r\n2026-06-08,0.9149,-0.018664\r\n2026-06-09,0.9371,0.024265\r\n2026-06-10,0.9159,-0.022623\r\n2026-06-11,0.9255,0.010481\r\n2026-06-12,0.9371,0.012534\r\n2026-06-15,0.9729,0.038203\r\n2026-06-16,0.9623,-0.010895\r\n2026-06-17,0.9739,0.012054\r\n2026-06-18,0.9758,0.001951\r\n2026-06-22,0.9971,0.021828\r\n2026-06-23,0.9587,-0.038512\r\n2026-06-24,0.9792,0.021383\r\n2026-06-25,0.9894,0.010417\r\n2026-06-26,0.9466,-0.043259\r\n2026-06-29,0.9558,0.009719\r\n2026-06-30,0.975,0.020088\r\n2026-07-01,0.9729,-0.002154\r\n2026-07-02,0.9125,-0.062082\r\n2026-07-03,0.9146,0.002301\r\n2026-07-06,0.8929,-0.023726\r\n2026-07-07,0.8779,-0.016799\r\n2026-07-08,0.8696,-0.009454\r\n2026-07-09,0.8736,0.0046\r\n2026-07-10,0.8603,-0.015224\r\n2026-07-13,0.843,-0.020109\r\n2026-07-14,0.8458,0.003321\r\n2026-07-15,0.8493,0.004138\r\n2026-07-16,0.8435,-0.006829\r\n2026-07-17,0.8187,-0.029401\r\n2026-07-20,0.8282,0.011604\r\n2026-07-21,0.8412,0.015697\r\n2026-07-22,0.8372,-0.004755\r\n2026-07-23,0.8416,0.005256\r\n2026-07-24,0.8342,-0.008793\r\n2026-07-27,0.8378,0.004316\r\n2026-07-28,0.827,-0.012891\r\n2026-07-29,0.8347,0.009311\r\n2026-07-30,0.8272,-0.008985\r\n2026-07-31,0.8303,0.003748\r\n2026-08-03,0.8332,0.003493\r\n2026-08-04,0.8399,0.008041\r\n2026-08-05,0.8502,0.012263\r\n2026-08-06,0.842,-0.009645\r\n2026-08-07,0.8539,0.014133\r\n2026-08-10,0.8565,0.003045\r\n2026-08-11,0.8469,-0.011208\r\n2026-08-12,0.8536,0.007911\r\n2026-08-13,0.8456,-0.009372\r\n2026-08-14,0.8441,-0.001774\r\n2026-08-17,0.8631,0.022509\r\n2026-08-18,0.8579,-0.006025\r\n2026-08-19,0.8445,-0.01562\r\n2026-08-20,0.851,0.007697\r\n2026-08-21,0.8692,0.021387\r\n2026-08-24,0.8565,-0.014611\r\n2026-08-25,0.8499,-0.007706\r\n2026-08-26,0.8629,0.015296\r\n2026-08-27,0.8641,0.001391\r\n2026-08-28,0.866,0.002199\r\n2026-08-31,0.8555,-0.012125\r\n2026-09-01,0.8485,-0.008182\r\n2026-09-02,0.8387,-0.01155\r\n2026-09-03,0.8418,0.003696\r\n2026-09-04,0.8416,-0.000238\r\n2026-09-07,0.8398,-0.002139\r\n2026-09-08,0.8398,0.0\r\n2026-09-09,0.8417,0.002262\r\n2026-09-10,0.8333,-0.00998\r\n2026-09-11,0.8235,-0.01176\r\n2026-09-14,0.8228,-0.00085\r\n2026-09-15,0.8092,-0.016529\r\n2026-09-16,0.8157,0.008033\r\n2026-09-17,0.8136,-0.002574\r\n2026-09-18,0.8199,0.007743\r\n2026-09-21,0.825,0.00622\r\n2026-09-22,0.8232,-0.002182\r\n2026-09-23,0.8195,-0.004495\r\n2026-09-24,0.8093,-0.012447\r\n2026-09-28,0.7936,-0.019399\r\n2026-09-29,0.7973,0.004662\r\n2026-09-30,0.8021,0.00602\r\n","fund_code":"026559","password":"123456","username":"zyh"}}]}
系统时间:2026-10-03 13:17:57|Starting multi-threaded push for 6189 files using 400 threads.
系统时间:2026-10-03 13:18:20|Failed to push CSV file: 021810, Connection failed (res is nullptr).
系统时间:2026-10-03 13:18:22|Failed to push CSV file: 022982, Connection failed (res is nullptr).
系统时间:2026-10-03 13:18:22|Failed to push CSV file: 023095, Connection failed (res is nullptr).
系统时间:2026-10-03 13:18:22|Failed to push CSV file: 023419, Connection failed (res is nullptr).
系统时间:2026-10-03 13:18:22|Failed to push CSV file: 023434, Connection failed (res is nullptr).
系统时间:2026-10-03 13:18:22|Failed to push CSV file: 023429, Connection failed (res is nullptr).
系统时间:2026-10-03 13:18:22|Failed to push CSV file: 023410, Connection failed (res is nullptr).
系统时间:2026-10-03 13:18:22|Failed to push CSV file: 023458, Connection failed (res is nullptr).
系统时间:2026-10-03 13:18:22|Failed to push CSV file: 023467, Connection failed (res is nullptr).
系统时间:2026-10-03 13:18:22|Failed to push CSV file: 023481, Connection failed (res is nullptr).
系统时间:2026-10-03 13:18:22|Failed to push CSV file: 023480, Connection failed (res is nullptr).
系统时间:2026-10-03 13:18:22|Failed to push CSV file: 023498, Connection failed (res is nullptr).
系统时间:2026-10-03 13:18:22|Failed to push CSV file: 023501, Connection failed (res is nullptr).
系统时间:2026-10-03 13:18:22|Failed to push CSV file: 023506, Connection failed (res is nullptr).
系统时间:2026-10-03 13:18:22|Failed to push CSV file: 023527, Connection failed (res is nullptr).
系统时间:2026-10-03 13:18:22|Failed to push CSV file: 023555, Connection failed (res is nullptr).
系统时间:2026-10-03 13:18:22|Failed to push CSV file: 023559, Connection failed (res is nullptr).
系统时间:2026-10-03 13:18:22|Failed to push CSV file: 023549, Connection failed (res is nullptr).
系统时间:2026-10-03 13:18:22|Failed to push CSV file: 023617, Connection failed (res is nullptr).
系统时间:2026-10-03 13:18:22|Failed to push CSV file: 023629, Connection failed (res is nullptr).
系统时间:2026-10-03 13:18:22|Failed to push CSV file: 023655, Connection failed (res is nullptr).
系统时间:2026-10-03 13:18:24|Failed to push CSV file: 024993, Connection failed (res is nullptr).
系统时间:2026-10-03 13:18:24|Multi-threaded push finished. Total: 6189, Failed: 22
系统时间:2026-10-03 21:21:36|Starting multi-threaded push for 6189 files using 300 threads.
系统时间:2026-10-03 21:22:06|Failed to push CSV file: 022248, Connection failed (res is nullptr).
系统时间:2026-10-03 21:22:12|Multi-threaded push finished. Total: 6189, Failed: 1
系统时间:2026-10-03 21:50:03|Starting multi-threaded push for 6189 files using 400 threads.
系统时间:2026-10-03 21:50:20|Failed to push CSV file: 014549, Connection failed (res is nullptr).
系统时间:2026-10-03 21:50:20|Failed to push CSV file: 014551, Connection failed (res is nullptr).
系统时间:2026-10-03 21:50:20|Failed to push CSV file: 014565, Connection failed (res is nullptr).
系统时间:2026-10-03 21:50:30|Failed to push CSV file: 024913, Connection failed (res is nullptr).
系统时间:2026-10-03 21:50:30|Failed to push CSV file: 024921, Connection failed (res is nullptr).
系统时间:2026-10-03 21:50:30|Failed to push CSV file: 024917, Connection failed (res is nullptr).
系统时间:2026-10-03 21:50:30|Failed to push CSV file: 024911, Connection failed (res is nullptr).
系统时间:2026-10-03 21:50:30|Failed to push CSV file: 024924, Connection failed (res is nullptr).
系统时间:2026-10-03 21:50:30|Failed to push CSV file: 024922, Connection failed (res is nullptr).
系统时间:2026-10-03 21:50:30|Failed to push CSV file: 024931, Connection failed (res is nullptr).
系统时间:2026-10-03 21:50:30|Failed to push CSV file: 024932, Connection failed (res is nullptr).
系统时间:2026-10-03 21:50:31|Failed to push CSV file: 024943, Connection failed (res is nullptr).
系统时间:2026-10-03 21:50:31|Failed to push CSV file: 024935, Connection failed (res is nullptr).
系统时间:2026-10-03 21:50:31|Failed to push CSV file: 024950, Connection failed (res is nullptr).
系统时间:2026-10-03 21:50:31|Failed to push CSV file: 024930, Connection failed (res is nullptr).
系统时间:2026-10-03 21:50:31|Failed to push CSV file: 024927, Connection failed (res is nullptr).
系统时间:2026-10-03 21:50:31|Failed to push CSV file: 024940, Connection failed (res is nullptr).
系统时间:2026-10-03 21:50:31|Failed to push CSV file: 024952, Connection failed (res is nullptr).
系统时间:2026-10-03 21:50:31|Failed to push CSV file: 024975, Connection failed (res is nullptr).
系统时间:2026-10-03 21:50:31|Failed to push CSV file: 024979, Connection failed (res is nullptr).
系统时间:2026-10-03 21:50:31|Failed to push CSV file: 024973, Connection failed (res is nullptr).
系统时间:2026-10-03 21:50:31|Failed to push CSV file: 025004, Connection failed (res is nullptr).
系统时间:2026-10-03 21:50:31|Failed to push CSV file: 024986, Connection failed (res is nullptr).
系统时间:2026-10-03 21:50:31|Failed to push CSV file: 025023, Connection failed (res is nullptr).
系统时间:2026-10-03 21:50:31|Failed to push CSV file: 025057, Connection failed (res is nullptr).
系统时间:2026-10-03 21:50:31|Failed to push CSV file: 025056, Connection failed (res is nullptr).
系统时间:2026-10-03 21:50:31|Failed to push CSV file: 025059, Connection failed (res is nullptr).
系统时间:2026-10-03 21:50:31|Failed to push CSV file: 025049, Connection failed (res is nullptr).
系统时间:2026-10-03 21:50:32|Failed to push CSV file: 026006, Connection failed (res is nullptr).
系统时间:2026-10-03 21:50:38|Multi-threaded push finished. Total: 6189, Failed: 29
系统时间:2026-10-03 22:06:00|Starting multi-threaded push for 6189 files using 32 threads.
系统时间:2026-10-03 22:08:00|Starting multi-threaded push for 6189 files using 32 threads.
系统时间:2026-10-03 22:10:46|Failed to push CSV file: 015192, Connection failed (res is nullptr).
系统时间:2026-10-03 22:13:31|Starting multi-threaded push for 6189 files using 256 threads.
系统时间:2026-10-03 22:14:05|Failed to push CSV file: 022926, Connection failed (res is nullptr).
系统时间:2026-10-03 22:14:11|Multi-threaded push finished. Total: 6189, Failed: 1
系统时间:2026-10-03 22:29:17|Starting multi-threaded push for 6189 files using 256 threads.

系统时间:2026-10-03 22:57:03|Starting multi-threaded push for 6189 files using 500 threads.
系统时间:2026-10-03 22:57:23|Multi-threaded push finished. Total: 6189, Failed: 0
